// Jest Snapshot v1, https://goo.gl/fbAQLP

exports[`Exercises component tests renders correctly 1`] = `
Object {
  "instance": null,
  "nodeType": "component",
  "props": Object {},
  "rendered": Object {
    "instance": null,
    "nodeType": "host",
    "props": Object {
      "cards": Array [
        Object {
          "desc": "Dodaj nowe ćwiczenie do atlasu ćwiczeń",
          "href": "/exercises/new",
          "hrefTitle": "Dawej",
          "imgSrc": "/img/exercises_new.jpg",
          "title": "Dodaj nowe ćwiczenie",
        },
        Object {
          "desc": "Zobacz jakie masz ćwiczenia, edytuj lub usuwaj",
          "href": "/exercises/list",
          "hrefTitle": "To the atlas",
          "imgSrc": "/img/exercises_list.jpg",
          "title": "Atlas ćwiczeń",
        },
      ],
    },
    "rendered": Array [],
    "type": "Dashboard component",
  },
  "type": [Function],
}
`;
