// Jest Snapshot v1, https://goo.gl/fbAQLP

exports[`Training List components should render properly component output 1`] = `
<div>
  <Table wrapper
    columns={
      Array [
        Object {
          "Header": "ID",
          "accessor": "id",
        },
        Object {
          "Header": "Data",
          "accessor": [Function],
          "id": "date",
        },
        Object {
          "Header": "Twoja masa",
          "accessor": [Function],
          "id": "mass",
        },
        Object {
          "Header": "Białeczko",
          "accessor": "protein",
        },
        Object {
          "Header": "Ile cisłeś",
          "accessor": [Function],
          "id": "time",
        },
        Object {
          "Header": "Ćwiczonka",
          "accessor": [Function],
          "id": "exercises",
        },
        Object {
          "Header": "Kaj to robiłeś",
          "accessor": "where",
        },
      ]
    }
    data={
      Array [
        "test",
      ]
    }
    deleteRow={[Function]}
    icon={
      Object {
        "icon": Array [
          640,
          512,
          Array [],
          "f44b",
          "M104 96H56c-13.3 0-24 10.7-24 24v104H8c-4.4 0-8 3.6-8 8v48c0 4.4 3.6 8 8 8h24v104c0 13.3 10.7 24 24 24h48c13.3 0 24-10.7 24-24V120c0-13.3-10.7-24-24-24zm528 128h-24V120c0-13.3-10.7-24-24-24h-48c-13.3 0-24 10.7-24 24v272c0 13.3 10.7 24 24 24h48c13.3 0 24-10.7 24-24V288h24c4.4 0 8-3.6 8-8v-48c0-4.4-3.6-8-8-8zM456 32h-48c-13.3 0-24 10.7-24 24v168H256V56c0-13.3-10.7-24-24-24h-48c-13.3 0-24 10.7-24 24v400c0 13.3 10.7 24 24 24h48c13.3 0 24-10.7 24-24V288h128v168c0 13.3 10.7 24 24 24h48c13.3 0 24-10.7 24-24V56c0-13.3-10.7-24-24-24z",
        ],
        "iconName": "dumbbell",
        "prefix": "fas",
      }
    }
    isLoaded={true}
    isLoading={false}
    title="Lista ćwiczeń"
  />
</div>
`;
