// Jest Snapshot v1, https://goo.gl/fbAQLP

exports[`Main component tests renders correctly 1`] = `
<main>
  <Route
    exact={true}
    path="/"
    render={[Function]}
  />
  <Route
    exact={true}
    path="/trainings"
    render={[Function]}
  />
  <Route
    exact={undefined}
    path="/trainings/list"
    render={[Function]}
  />
  <Route
    exact={undefined}
    path="/trainings/new"
    render={[Function]}
  />
  <Route
    exact={undefined}
    path="/exercises"
    render={[Function]}
  />
  <Route
    exact={undefined}
    path="/raports"
    render={[Function]}
  />
  <Route
    exact={undefined}
    path="/extras"
    render={[Function]}
  />
  <Route
    exact={undefined}
    path="/settings"
    render={[Function]}
  />
</main>
`;
