// Jest Snapshot v1, https://goo.gl/fbAQLP

exports[`Extras component tests renders correctly 1`] = `
Object {
  "instance": null,
  "nodeType": "component",
  "props": Object {},
  "rendered": Object {
    "instance": null,
    "nodeType": "host",
    "props": Object {
      "cards": Array [
        Object {
          "desc": "Dodaj nową masóweczkę na buły",
          "href": "/extras/proteins/new",
          "hrefTitle": "Dodej",
          "imgSrc": "/img/proteins_new.jpg",
          "title": "Dodaj nowe białeczko",
        },
        Object {
          "desc": "Zobacz jakie mosz białeczka, edytuj i usuwaj",
          "href": "/extras/proteins/list",
          "hrefTitle": "Lista białeczek",
          "imgSrc": "/img/proteins_list.jpg",
          "title": "Lista białeczek",
        },
      ],
    },
    "rendered": Array [],
    "type": "Dashboard component",
  },
  "type": [Function],
}
`;
