// Jest Snapshot v1, https://goo.gl/fbAQLP

exports[`Dashboard component test should render dashboard correctly 1`] = `
<div
  className="row dashboard-containter justify-content-around align-items-center"
>
  <Card component
    card={
      Object {
        "desc": "Sprawdź raporty w formie timelinów",
        "href": "/raports/timeline",
        "hrefTitle": "Obczej",
        "imgSrc": "/img/raports_timeline.jpg",
        "title": "Timeliny",
      }
    }
  />
  <Card component
    card={
      Object {
        "desc": "Sprawdź raporty w formie timelinów",
        "href": "/raports/timeline",
        "hrefTitle": "Obczej",
        "imgSrc": "/img/raports_timeline.jpg",
        "title": "Timeliny",
      }
    }
  />
</div>
`;
