// Jest Snapshot v1, https://goo.gl/fbAQLP

exports[`Trainings component tests renders correctly 1`] = `
Object {
  "instance": null,
  "nodeType": "component",
  "props": Object {},
  "rendered": Object {
    "instance": null,
    "nodeType": "host",
    "props": Object {
      "cards": Array [
        Object {
          "desc": "Zaplanuj sobie nowy trening i sprawdź pompę",
          "href": "/trainings/new",
          "hrefTitle": "Dawej",
          "imgSrc": "/img/training_new.jpg",
          "title": "Dodaj nowy trening",
        },
        Object {
          "desc": "Obczaj swoje treningi, edytuj lub usuwaj",
          "href": "/trainings/list",
          "hrefTitle": "Sprawdzam",
          "imgSrc": "/img/training_list.jpg",
          "title": "Lista treningów",
        },
      ],
    },
    "rendered": Array [],
    "type": "Dashboard component",
  },
  "type": [Function],
}
`;
